Copyright 1986-2016 Xilinx, Inc. All Rights Reserved.
------------------------------------------------------------------------------------
| Tool Version : Vivado v.2016.4 (win64) Build 1756540 Mon Jan 23 19:11:23 MST 2017
| Date         : Tue Jan 16 10:42:49 2024
| Host         : DESKTOP-GD656IR running 64-bit major release  (build 9200)
| Command      : report_control_sets -verbose -file main_control_sets_placed.rpt
| Design       : main
| Device       : xc7a35t
------------------------------------------------------------------------------------

Control Set Information

Table of Contents
-----------------
1. Summary
2. Flip-Flop Distribution
3. Detailed Control Set Information

1. Summary
----------

+----------------------------------------------------------+-------+
|                          Status                          | Count |
+----------------------------------------------------------+-------+
| Number of unique control sets                            |   148 |
| Unused register locations in slices containing registers |   564 |
+----------------------------------------------------------+-------+


2. Flip-Flop Distribution
-------------------------

+--------------+-----------------------+------------------------+-----------------+--------------+
| Clock Enable | Synchronous Set/Reset | Asynchronous Set/Reset | Total Registers | Total Slices |
+--------------+-----------------------+------------------------+-----------------+--------------+
| No           | No                    | No                     |            4121 |         1028 |
| No           | No                    | Yes                    |               0 |            0 |
| No           | Yes                   | No                     |              48 |           11 |
| Yes          | No                    | No                     |            2602 |          872 |
| Yes          | No                    | Yes                    |               0 |            0 |
| Yes          | Yes                   | No                     |             849 |          251 |
+--------------+-----------------------+------------------------+-----------------+--------------+


3. Detailed Control Set Information
-----------------------------------

+--------------------------------+----------------------------------------------------------------------------------------------------------------------------------------------------------------------------------------------------------------------------------------+--------------------------------------------------------------------------------------+------------------+----------------+
|          Clock Signal          |                                                                                                              Enable Signal                                                                                                             |                                   Set/Reset Signal                                   | Slice Load Count | Bel Load Count |
+--------------------------------+----------------------------------------------------------------------------------------------------------------------------------------------------------------------------------------------------------------------------------------+--------------------------------------------------------------------------------------+------------------+----------------+
|  clk_generator_0/inst/clk_out1 | sc_accumulator_KC_APLMBON_ctrl_0/KC_sc_addrb[10]_i_1_n_0                                                                                                                                                                               | sc_accumulator_KC_APLMBON_ctrl_0/weight_KC_APLMBON_addra[12]_i_1_n_0                 |                1 |              1 |
|  clk_generator_0/inst/clk_out1 | pqn_ctrl_0/PQN_KC_0/coqIgj0_b0_reg[17]_CE_cooolgate_en_sig_29                                                                                                                                                                          | pqn_ctrl_0/PQN_KC_0/gtOp                                                             |                1 |              1 |
|  clk_generator_0/inst/clk_out1 | stdp_ctrl_0/COUNTER0[1]_i_1__1_n_0                                                                                                                                                                                                     |                                                                                      |                1 |              2 |
|  clk_generator_0/inst/clk_out1 | fifo_rxd_ctrl_0/uart_rxd_ctrl_0/counter0_reg[0]_CE_cooolgate_en_sig_45                                                                                                                                                                 |                                                                                      |                1 |              3 |
|  clk_generator_0/inst/clk_out1 | pqn_ctrl_0/KC_sc_wea_reg[0]_CE_cooolgate_en_sig_50                                                                                                                                                                                     |                                                                                      |                3 |              4 |
|  clk_generator_0/inst/clk_out1 | pqn_ctrl_0/counter0[3]_i_1_n_0                                                                                                                                                                                                         |                                                                                      |                1 |              4 |
|  clk_generator_0/inst/clk_out1 | fifo_rxd_ctrl_0/counter0                                                                                                                                                                                                               |                                                                                      |                1 |              4 |
|  clk_generator_0/inst/clk_out1 | fifo_rxd_ctrl_0/uart_rxd_ctrl_0/counter0_reg[0]_CE_cooolgate_en_sig_46                                                                                                                                                                 | fifo_rxd_ctrl_0/uart_rxd_ctrl_0/counter0[4]_i_1_n_0                                  |                2 |              5 |
|  clk_generator_0/inst/clk_out1 | sc_accumulator_PNKC_ctrl_0/blk_mem_weight_PNKC_0_0/U0/inst_blk_mem_gen/gnbram.gnativebmg.native_blk_mem_gen/valid.cstr/has_mux_a.A/no_softecc_norm_sel2.has_mem_regs.WITHOUT_ECC_PIPE.ce_pri.sel_pipe_d1_reg[0]_CE_cooolgate_en_sig_49 |                                                                                      |                2 |              5 |
|  clk_generator_0/inst/clk_out1 |                                                                                                                                                                                                                                        | pqn_ctrl_0/PQN_KC_0/gtOp                                                             |                1 |              6 |
|  clk_generator_0/inst/clk_out1 | fifo_rxd_ctrl_0/uart_rxd_ctrl_0/E[0]                                                                                                                                                                                                   |                                                                                      |                4 |              6 |
|  clk_generator_0/inst/clk_out1 | fifo_rxd_ctrl_0/uart_rxd_ctrl_0/E[1]                                                                                                                                                                                                   |                                                                                      |                4 |              6 |
|  clk_generator_0/inst/clk_out1 | pqn_ctrl_0/PQN_APL_0/con_vv_vL_b0_reg[0]_CE_cooolgate_en_sig_48                                                                                                                                                                        |                                                                                      |                2 |              6 |
|  clk_generator_0/inst/clk_out1 | sc_accumulator_PNKC_ctrl_0/blk_mem_weight_PNKC_0_0/U0/inst_blk_mem_gen/gnbram.gnativebmg.native_blk_mem_gen/valid.cstr/has_mux_a.A/no_softecc_sel_reg.ce_pri.sel_pipe_reg[0]_CE_cooolgate_en_sig_47                                    |                                                                                      |                1 |              7 |
|  clk_generator_0/inst/clk_out1 | sc_accumulator_PNKC_ctrl_0/weight_PNKC_addra                                                                                                                                                                                           |                                                                                      |                2 |              7 |
|  clk_generator_0/inst/clk_out1 |                                                                                                                                                                                                                                        | pqn_ctrl_0/PQN_ON_0/gtOp                                                             |                2 |              7 |
|  clk_generator_0/inst/clk_out1 | sc_accumulator_PNKC_ctrl_0/COUNTER0[6]_i_1_n_0                                                                                                                                                                                         |                                                                                      |                5 |              7 |
|  clk_generator_0/inst/clk_out1 | pqn_ctrl_0/addra_PN0                                                                                                                                                                                                                   |                                                                                      |                4 |              7 |
|  clk_generator_0/inst/clk_out1 | fifo_rxd_ctrl_0/uart_rxd_ctrl_0/data_reg[0]_CE_cooolgate_en_sig_44                                                                                                                                                                     |                                                                                      |                2 |              8 |
|  clk_generator_0/inst/clk_out1 | fifo_rxd_ctrl_0/uart_rxd_ctrl_0/RECEIVED_DATA_reg[0]_CE_cooolgate_en_sig_41                                                                                                                                                            |                                                                                      |                2 |              8 |
|  clk_generator_0/inst/clk_out1 | fifo_txd_ctrl_0/uart_txd_ctrl_0/E[0]                                                                                                                                                                                                   |                                                                                      |                3 |              8 |
|  clk_generator_0/inst/clk_out1 | fifo_txd_ctrl_0/send_data_reg[0]_CE_cooolgate_en_sig_43                                                                                                                                                                                |                                                                                      |                2 |              8 |
|  clk_generator_0/inst/clk_out1 |                                                                                                                                                                                                                                        | pqn_ctrl_0/PQN_MBON_0/cov_Istim_b0[11]_i_1_n_0                                       |                2 |              8 |
|  clk_generator_0/inst/clk_out1 |                                                                                                                                                                                                                                        | pqn_ctrl_0/PQN_ON_0/ltOp                                                             |                2 |              8 |
|  clk_generator_0/inst/clk_out1 | pqn_ctrl_0/PQN_APL_0/CO[0]                                                                                                                                                                                                             |                                                                                      |                3 |              9 |
|  clk_generator_0/inst/clk_out1 | fifo_txd_ctrl_0/uart_txd_ctrl_0/data[9]_i_1_n_0                                                                                                                                                                                        |                                                                                      |                2 |              9 |
|  clk_generator_0/inst/clk_out1 | sc_accumulator_glomeruli_ctrl_0/LNPN_sc_addrb[8]_i_2_n_0                                                                                                                                                                               | sc_accumulator_glomeruli_ctrl_0/LNPN_sc_addrb[8]_i_1_n_0                             |                4 |              9 |
|  clk_generator_0/inst/clk_out1 | sc_accumulator_glomeruli_ctrl_0/COUNTER1[8]_i_1__0_n_0                                                                                                                                                                                 |                                                                                      |                6 |              9 |
|  clk_generator_0/inst/clk_out1 |                                                                                                                                                                                                                                        | pqn_ctrl_0/PQN_KC_0/ltOp                                                             |                2 |              9 |
|  clk_generator_0/inst/clk_out1 | pqn_ctrl_0/mem_fc_dina                                                                                                                                                                                                                 | pqn_ctrl_0/mem_fc_dina[9]_i_1_n_0                                                    |                3 |             10 |
|  clk_generator_0/inst/clk_out1 |                                                                                                                                                                                                                                        | pqn_ctrl_0/PQN_MBON_0/gtOp                                                           |                2 |             10 |
|  clk_generator_0/inst/clk_out1 | fifo_txd_0/U0/inst_fifo_gen/gconvfifo.rf/grf.rf/gntv_or_sync_fifo.gl0.rd/grss.rsts/count_reg[0][0]                                                                                                                                     |                                                                                      |                4 |             10 |
|  clk_generator_0/inst/clk_out1 | pqn_ctrl_0/mem_fc_dina                                                                                                                                                                                                                 | pqn_ctrl_0/PQN_PN_0/mem_u_dina_reg[0]                                                |                2 |             10 |
|  clk_generator_0/inst/clk_out1 | sc_accumulator_KC_APLMBON_ctrl_0/COUNTER0[10]_i_1_n_0                                                                                                                                                                                  |                                                                                      |                5 |             11 |
|  clk_generator_0/inst/clk_out1 | sc_accumulator_KC_APLMBON_ctrl_0/KC_sc_addrb[10]_i_1_n_0                                                                                                                                                                               |                                                                                      |                5 |             11 |
|  clk_generator_0/inst/clk_out1 | stdp_ctrl_0/KC_sr_addrb_reg[0]_CE_cooolgate_en_sig_39                                                                                                                                                                                  |                                                                                      |                3 |             11 |
|  clk_generator_0/inst/clk_out1 | pqn_ctrl_0/addra_KC0                                                                                                                                                                                                                   |                                                                                      |                4 |             11 |
|  clk_generator_0/inst/clk_out1 | sc_accumulator_PNKC_ctrl_0/COUNTER1[10]_i_1_n_0                                                                                                                                                                                        |                                                                                      |                3 |             11 |
|  clk_generator_0/inst/clk_out1 | triger_generator_0/E[0]                                                                                                                                                                                                                | pqn_ctrl_0/counter_homeostasis                                                       |                3 |             11 |
|  clk_generator_0/inst/clk_out1 | pqn_ctrl_0/fifo_txd_din[11]_i_1_n_0                                                                                                                                                                                                    |                                                                                      |                2 |             12 |
|  clk_generator_0/inst/clk_out1 | fifo_rxd_ctrl_0/fifo_din[11]_i_1_n_0                                                                                                                                                                                                   |                                                                                      |                5 |             12 |
|  clk_generator_0/inst/clk_out1 | sc_accumulator_glomeruli_ctrl_0/COUNTER0[11]_i_1_n_0                                                                                                                                                                                   |                                                                                      |                7 |             12 |
|  clk_generator_0/inst/clk_out1 | fifo_rxd_ctrl_0/command_signal[11]_i_1_n_0                                                                                                                                                                                             |                                                                                      |                6 |             12 |
|  clk_generator_0/inst/clk_out1 | pqn_ctrl_0/addra[11]_i_2_n_0                                                                                                                                                                                                           | pqn_ctrl_0/addra[11]_i_1_n_0                                                         |                3 |             12 |
|  clk_generator_0/inst/clk_out1 | fifo_rxd_ctrl_0/ORN_sc_addra[11]_i_2_n_0                                                                                                                                                                                               | fifo_rxd_ctrl_0/ORN_sc_addra[11]_i_1_n_0                                             |                3 |             12 |
|  clk_generator_0/inst/clk_out1 | sc_accumulator_glomeruli_ctrl_0/ORN_sc_addrb[11]_i_2_n_0                                                                                                                                                                               | sc_accumulator_glomeruli_ctrl_0/ORN_sc_addrb[11]_i_1_n_0                             |                6 |             12 |
|  clk_generator_0/inst/clk_out1 | sc_accumulator_KC_APLMBON_ctrl_0/weight_KC_APLMBON_addra_reg[10]_CE_cooolgate_en_sig_37                                                                                                                                                | sc_accumulator_KC_APLMBON_ctrl_0/weight_KC_APLMBON_addra[12]_i_1_n_0                 |                3 |             12 |
|  clk_generator_0/inst/clk_out1 | pqn_ctrl_0/TXD_DATA5[15]_i_1_n_0                                                                                                                                                                                                       |                                                                                      |                4 |             14 |
|  clk_generator_0/inst/clk_out1 | pqn_ctrl_0/TXD_DATA3[15]_i_1_n_0                                                                                                                                                                                                       |                                                                                      |                5 |             14 |
|  clk_generator_0/inst/clk_out1 | pqn_ctrl_0/TXD_DATA2[15]_i_1_n_0                                                                                                                                                                                                       |                                                                                      |                4 |             14 |
|  clk_generator_0/inst/clk_out1 | pqn_ctrl_0/TXD_DATA1[15]_i_1_n_0                                                                                                                                                                                                       |                                                                                      |                2 |             14 |
|  clk_generator_0/inst/clk_out1 | pqn_ctrl_0/TXD_DATA0[15]_i_1_n_0                                                                                                                                                                                                       |                                                                                      |                4 |             14 |
|  clk_generator_0/inst/clk_out1 | fifo_txd_ctrl_0/txd_data                                                                                                                                                                                                               |                                                                                      |                7 |             14 |
|  clk_generator_0/inst/clk_out1 | sc_accumulator_PNKC_ctrl_0/APL_I1[17]_i_1_n_0                                                                                                                                                                                          |                                                                                      |                3 |             14 |
|  clk_generator_0/inst/clk_out1 | pqn_ctrl_0/TXD_DATA9[15]_i_1_n_0                                                                                                                                                                                                       |                                                                                      |                4 |             14 |
|  clk_generator_0/inst/clk_out1 | pqn_ctrl_0/TXD_DATA8[15]_i_1_n_0                                                                                                                                                                                                       |                                                                                      |                3 |             14 |
|  clk_generator_0/inst/clk_out1 | pqn_ctrl_0/TXD_DATA7[15]_i_1_n_0                                                                                                                                                                                                       |                                                                                      |                3 |             14 |
|  clk_generator_0/inst/clk_out1 | fifo_rxd_ctrl_0/fifo_rxd_0/U0/inst_fifo_gen/gconvfifo.rf/grf.rf/gntv_or_sync_fifo.gl0.rd/grss.rsts/cntr_en                                                                                                                             |                                                                                      |                4 |             14 |
|  clk_generator_0/inst/clk_out1 | sc_accumulator_KC_APLMBON_ctrl_0/APL_I0[17]_i_1_n_0                                                                                                                                                                                    |                                                                                      |                3 |             14 |
|  clk_generator_0/inst/clk_out1 | pqn_ctrl_0/PQN_APL_0/cos_s_vL_b0_reg[10]_CE_cooolgate_en_sig_34                                                                                                                                                                        |                                                                                      |                4 |             15 |
|  clk_generator_0/inst/clk_out1 | pqn_ctrl_0/PQN_ON_0/cov_vv_vS_b0_reg[0]_CE_cooolgate_en_sig_35                                                                                                                                                                         |                                                                                      |                4 |             15 |
|  clk_generator_0/inst/clk_out1 | pqn_ctrl_0/PQN_ON_0/cov_vv_vL_b0_reg[0]_CE_cooolgate_en_sig_33                                                                                                                                                                         |                                                                                      |                4 |             15 |
|  clk_generator_0/inst/clk_out1 | pqn_ctrl_0/LN0_s_sum[15]_i_2_n_0                                                                                                                                                                                                       | pqn_ctrl_0/LN0_s_sum[15]_i_1_n_0                                                     |                4 |             16 |
|  clk_generator_0/inst/clk_out1 | pqn_ctrl_0/LN1_s_sum[15]_i_2_n_0                                                                                                                                                                                                       | pqn_ctrl_0/LN1_s_sum[15]_i_1_n_0                                                     |                4 |             16 |
|  clk_generator_0/inst/clk_out1 | pqn_ctrl_0/LN2_s_sum[15]_i_2_n_0                                                                                                                                                                                                       | pqn_ctrl_0/LN2_s_sum[15]_i_1_n_0                                                     |                4 |             16 |
|  clk_generator_0/inst/clk_out1 | pqn_ctrl_0/LN3_s_sum[15]_i_2_n_0                                                                                                                                                                                                       | pqn_ctrl_0/LN3_s_sum[15]_i_1_n_0                                                     |                4 |             16 |
|  clk_generator_0/inst/clk_out1 | pqn_ctrl_0/PQN_PN_0/cov_vv_vL_b0_reg[0]_CE_cooolgate_en_sig_32                                                                                                                                                                         |                                                                                      |                5 |             16 |
|  clk_generator_0/inst/clk_out1 | sc_accumulator_KC_APLMBON_ctrl_0/MBON0_I[17]_i_1_n_0                                                                                                                                                                                   |                                                                                      |                4 |             16 |
|  clk_generator_0/inst/clk_out1 | pqn_ctrl_0/PQN_KC_0/cov_vv_vL_b0_reg[0]_CE_cooolgate_en_sig_31                                                                                                                                                                         |                                                                                      |                5 |             16 |
|  clk_generator_0/inst/clk_out1 | pqn_ctrl_0/PQN_Krasavietz_class2_0/coq_v_vS_00                                                                                                                                                                                         |                                                                                      |                5 |             16 |
|  clk_generator_0/inst/clk_out1 | pqn_ctrl_0/KC_s_sum[15]_i_2_n_0                                                                                                                                                                                                        | pqn_ctrl_0/KC_s_sum[15]_i_1_n_0                                                      |                4 |             16 |
|  clk_generator_0/inst/clk_out1 | sc_accumulator_glomeruli_ctrl_0/weight_glomeruli_addra[16]_i_2_n_0                                                                                                                                                                     | sc_accumulator_glomeruli_ctrl_0/weight_glomeruli_addra[16]_i_1_n_0                   |                5 |             17 |
|  clk_generator_0/inst/clk_out1 | sc_accumulator_KC_APLMBON_ctrl_0/MBON1_I[17]_i_1_n_0                                                                                                                                                                                   |                                                                                      |                7 |             17 |
|  clk_generator_0/inst/clk_out1 | fifo_rxd_ctrl_0/ORN_sc_decay                                                                                                                                                                                                           |                                                                                      |                5 |             17 |
|  clk_generator_0/inst/clk_out1 | fifo_rxd_ctrl_0/ORN_sc_dina[17]_i_2_n_0                                                                                                                                                                                                | fifo_rxd_ctrl_0/ORN_sc_dina[17]_i_1_n_0                                              |                5 |             17 |
|  clk_generator_0/inst/clk_out1 | pqn_ctrl_0/PQN_PN_0/cov_v_vS_10                                                                                                                                                                                                        |                                                                                      |                5 |             17 |
|  clk_generator_0/inst/clk_out1 | pqn_ctrl_0/PQN_MBON_0/cov_vv_vS_b0_reg[0]_CE_cooolgate_en_sig_30                                                                                                                                                                       |                                                                                      |                6 |             17 |
|  clk_generator_0/inst/clk_out1 | pqn_ctrl_0/PQN_KC_0/coqIgj0_b0_reg[17]_CE_cooolgate_en_sig_29                                                                                                                                                                          |                                                                                      |                6 |             17 |
|  clk_generator_0/inst/clk_out1 | sc_accumulator_PNKC_ctrl_0/weight_PNKC_addra                                                                                                                                                                                           | sc_accumulator_PNKC_ctrl_0/weight_PNKC_addra[16]_i_1_n_0                             |                5 |             17 |
|  clk_generator_0/inst/clk_out1 | triger_generator_0/STATE                                                                                                                                                                                                               | triger_generator_0/counter[0]_i_1_n_0                                                |                5 |             17 |
|  clk_generator_0/inst/clk_out1 | sc_accumulator_glomeruli_ctrl_0/sc_accumulator_glomeruli_0_2/sc_sum_inhi[17]_i_1__3_n_0                                                                                                                                                | sc_accumulator_glomeruli_ctrl_0/sc_accumulator_glomeruli_0_4/SR[0]                   |                5 |             18 |
|  clk_generator_0/inst/clk_out1 | pqn_ctrl_0/PQN_APL_0/cov_vv_vL_b0_reg[0]_CE_cooolgate_en_sig_27                                                                                                                                                                        |                                                                                      |                4 |             18 |
|  clk_generator_0/inst/clk_out1 | pqn_ctrl_0/PQN_Krasavietz_class2_0/cov_vv_vL_b0_reg[0]_CE_cooolgate_en_sig_28                                                                                                                                                          |                                                                                      |                5 |             18 |
|  clk_generator_0/inst/clk_out1 | pqn_ctrl_0/MBON0_sc[17]_i_1_n_0                                                                                                                                                                                                        |                                                                                      |                7 |             18 |
|  clk_generator_0/inst/clk_out1 | pqn_ctrl_0/MBON1_sc[17]_i_1_n_0                                                                                                                                                                                                        |                                                                                      |                7 |             18 |
|  clk_generator_0/inst/clk_out1 | pqn_ctrl_0/PQN_APL_0/nout_b0_reg[0]_CE_cooolgate_en_sig_24                                                                                                                                                                             |                                                                                      |                5 |             18 |
|  clk_generator_0/inst/clk_out1 | sc_accumulator_glomeruli_ctrl_0/sc_accumulator_glomeruli_0_2/sc_sum[17]_i_1__3_n_0                                                                                                                                                     | sc_accumulator_glomeruli_ctrl_0/sc_accumulator_glomeruli_0_4/SR[0]                   |                5 |             18 |
|  clk_generator_0/inst/clk_out1 | pqn_ctrl_0/KC_sr_dina[17]_i_2_n_0                                                                                                                                                                                                      | pqn_ctrl_0/KC_sr_dina[17]_i_1_n_0                                                    |                6 |             18 |
|  clk_generator_0/inst/clk_out1 | sc_accumulator_glomeruli_ctrl_0/sc_accumulator_glomeruli_0_3/sc_sum[17]_i_1__2_n_0                                                                                                                                                     | sc_accumulator_glomeruli_ctrl_0/sc_accumulator_glomeruli_0_4/SR[0]                   |                5 |             18 |
|  clk_generator_0/inst/clk_out1 | sc_accumulator_glomeruli_ctrl_0/sc_accumulator_glomeruli_0_3/sc_sum_inhi[17]_i_1__2_n_0                                                                                                                                                | sc_accumulator_glomeruli_ctrl_0/sc_accumulator_glomeruli_0_4/SR[0]                   |                5 |             18 |
|  clk_generator_0/inst/clk_out1 | sc_accumulator_glomeruli_ctrl_0/sc_accumulator_glomeruli_0_4/sc_sum[17]_i_1__1_n_0                                                                                                                                                     | sc_accumulator_glomeruli_ctrl_0/sc_accumulator_glomeruli_0_4/SR[0]                   |                5 |             18 |
|  clk_generator_0/inst/clk_out1 | sc_accumulator_glomeruli_ctrl_0/sc_accumulator_glomeruli_0_4/sc_sum_inhi[17]_i_1__1_n_0                                                                                                                                                | sc_accumulator_glomeruli_ctrl_0/sc_accumulator_glomeruli_0_4/SR[0]                   |                5 |             18 |
|  clk_generator_0/inst/clk_out1 | sc_accumulator_glomeruli_ctrl_0/sc_accumulator_glomeruli_0_5/sc_sum[17]_i_1__0_n_0                                                                                                                                                     | sc_accumulator_glomeruli_ctrl_0/sc_accumulator_glomeruli_0_4/SR[0]                   |                5 |             18 |
|  clk_generator_0/inst/clk_out1 | sc_accumulator_glomeruli_ctrl_0/sc_accumulator_glomeruli_0_5/sc_sum_inhi[17]_i_1__0_n_0                                                                                                                                                | sc_accumulator_glomeruli_ctrl_0/sc_accumulator_glomeruli_0_4/SR[0]                   |                5 |             18 |
|  clk_generator_0/inst/clk_out1 | sc_accumulator_glomeruli_ctrl_0/sc_accumulator_glomeruli_0_6/sc_sum[17]_i_1_n_0                                                                                                                                                        | sc_accumulator_glomeruli_ctrl_0/sc_accumulator_glomeruli_0_4/SR[0]                   |                5 |             18 |
|  clk_generator_0/inst/clk_out1 | sc_accumulator_glomeruli_ctrl_0/sc_accumulator_glomeruli_0_6/sc_sum_inhi[17]_i_1_n_0                                                                                                                                                   | sc_accumulator_glomeruli_ctrl_0/sc_accumulator_glomeruli_0_4/SR[0]                   |                5 |             18 |
|  clk_generator_0/inst/clk_out1 | sc_accumulator_glomeruli_ctrl_0/sc_accumulator_glomeruli_0_0/sc_sum[17]_i_2_n_0                                                                                                                                                        | sc_accumulator_glomeruli_ctrl_0/sc_accumulator_glomeruli_0_4/SR[0]                   |                5 |             18 |
|  clk_generator_0/inst/clk_out1 | pqn_ctrl_0/KC_sc_dina[17]_i_1_n_0                                                                                                                                                                                                      |                                                                                      |                3 |             18 |
|  clk_generator_0/inst/clk_out1 | pqn_ctrl_0/mem_fc_dina                                                                                                                                                                                                                 |                                                                                      |                3 |             18 |
|  clk_generator_0/inst/clk_out1 | fifo_txd_ctrl_0/uart_txd_ctrl_0/MAIN_STATE[1]                                                                                                                                                                                          | fifo_txd_ctrl_0/uart_txd_ctrl_0/counter0[17]_i_1_n_0                                 |                6 |             18 |
|  clk_generator_0/inst/clk_out1 | pqn_ctrl_0/APL_sc[17]_i_1_n_0                                                                                                                                                                                                          |                                                                                      |                6 |             18 |
|  clk_generator_0/inst/clk_out1 | sc_accumulator_KC_APLMBON_ctrl_0/sc_accumulator_KC_APLMBON_0_0/sc_sum[17]_i_2__0_n_0                                                                                                                                                   | sc_accumulator_KC_APLMBON_ctrl_0/sc_accumulator_KC_APLMBON_0_0/sc_sum[17]_i_1__6_n_0 |                5 |             18 |
|  clk_generator_0/inst/clk_out1 | pqn_ctrl_0/PQN_NP2426_class1_0/PQN_NP2426_class1_sin                                                                                                                                                                                   | pqn_ctrl_0/PQN_NP2426_class1_Iin[17]_i_1_n_0                                         |                6 |             18 |
|  clk_generator_0/inst/clk_out1 | pqn_ctrl_0/PQN_PN_0/PORT_nout_reg[0]_CE_cooolgate_en_sig_19                                                                                                                                                                            | pqn_ctrl_0/PQN_PN_0/PORT_uout_reg[17]_i_1_n_6                                        |                6 |             18 |
|  clk_generator_0/inst/clk_out1 | pqn_ctrl_0/PQN_NP1227_class1_0/PQN_NP1227_class1_sin                                                                                                                                                                                   | pqn_ctrl_0/PQN_NP1227_class1_Iin[17]_i_1_n_0                                         |               11 |             18 |
|  clk_generator_0/inst/clk_out1 | pqn_ctrl_0/LNPN_sc_dina[17]_i_1_n_0                                                                                                                                                                                                    |                                                                                      |                9 |             18 |
|  clk_generator_0/inst/clk_out1 | sc_accumulator_PNKC_ctrl_0/sc_accumulator_PNKC_0/sc_sum                                                                                                                                                                                | sc_accumulator_PNKC_ctrl_0/sc_accumulator_PNKC_0/clear                               |                5 |             18 |
|  clk_generator_0/inst/clk_out1 | sc_accumulator_PNKC_ctrl_0/sc_accumulator_PNKC_1/sc_sum[0]_i_1__1_n_0                                                                                                                                                                  | sc_accumulator_PNKC_ctrl_0/sc_accumulator_PNKC_0/clear                               |                5 |             18 |
|  clk_generator_0/inst/clk_out1 | sc_accumulator_PNKC_ctrl_0/sc_accumulator_PNKC_2/sc_sum[0]_i_2_n_0                                                                                                                                                                     | sc_accumulator_PNKC_ctrl_0/sc_accumulator_PNKC_0/clear                               |                5 |             18 |
|  clk_generator_0/inst/clk_out1 | pqn_ctrl_0/PQN_Krasavietz_class2_0/PQN_Krasavietz_class2_sin                                                                                                                                                                           | pqn_ctrl_0/PQN_Krasavietz_class2_Iin[17]_i_1_n_0                                     |                7 |             18 |
|  clk_generator_0/inst/clk_out1 | sc_accumulator_glomeruli_ctrl_0/sc_accumulator_glomeruli_0_0/sc_sum_inhi[17]_i_1__5_n_0                                                                                                                                                | sc_accumulator_glomeruli_ctrl_0/sc_accumulator_glomeruli_0_4/SR[0]                   |                5 |             18 |
|  clk_generator_0/inst/clk_out1 | sc_accumulator_glomeruli_ctrl_0/sc_accumulator_glomeruli_0_1/sc_sum[17]_i_1__4_n_0                                                                                                                                                     | sc_accumulator_glomeruli_ctrl_0/sc_accumulator_glomeruli_0_4/SR[0]                   |                5 |             18 |
|  clk_generator_0/inst/clk_out1 | sc_accumulator_glomeruli_ctrl_0/sc_accumulator_glomeruli_0_1/sc_sum_inhi[17]_i_1__4_n_0                                                                                                                                                | sc_accumulator_glomeruli_ctrl_0/sc_accumulator_glomeruli_0_4/SR[0]                   |                5 |             18 |
|  clk_generator_0/inst/clk_out1 | pqn_ctrl_0/PQN_Krasavietz_class1_0/PQN_Krasavietz_class1_sin                                                                                                                                                                           | pqn_ctrl_0/PQN_Krasavietz_class1_Iin[17]_i_1_n_0                                     |                6 |             18 |
|  clk_generator_0/inst/clk_out1 | pqn_ctrl_0/PQN_MBON_0/cos_s_vL_b0_reg[2]_CE_cooolgate_en_sig_26                                                                                                                                                                        |                                                                                      |                5 |             19 |
|  clk_generator_0/inst/clk_out1 | pqn_ctrl_0/PQN_APL_0/PORT_nout_reg[0]_CE_cooolgate_en_sig_25                                                                                                                                                                           |                                                                                      |                7 |             19 |
|  clk_generator_0/inst/clk_out1 | fifo_txd_0/U0/inst_fifo_gen/gconvfifo.rf/grf.rf/gntv_or_sync_fifo.gl0.rd/grss.rsts/E[0]                                                                                                                                                |                                                                                      |                5 |             20 |
|  clk_generator_0/inst/clk_out1 | fifo_txd_0/U0/inst_fifo_gen/gconvfifo.rf/grf.rf/gntv_or_sync_fifo.gl0.wr/gwss.wsts/E[0]                                                                                                                                                |                                                                                      |                5 |             20 |
|  clk_generator_0/inst/clk_out1 | pqn_ctrl_0/TXD_DATA4[15]_i_1_n_0                                                                                                                                                                                                       |                                                                                      |                4 |             28 |
|  clk_generator_0/inst/clk_out1 | fifo_rxd_ctrl_0/fifo_rxd_0/U0/inst_fifo_gen/gconvfifo.rf/grf.rf/gntv_or_sync_fifo.gl0.wr/gwss.wsts/gcc0.gc0.count_d1_reg[13]                                                                                                           |                                                                                      |                8 |             28 |
|  clk_generator_0/inst/clk_out1 | pqn_ctrl_0/TXD_DATA6[15]_i_1_n_0                                                                                                                                                                                                       |                                                                                      |                6 |             28 |
|  clk_generator_0/inst/clk_out1 | fifo_rxd_ctrl_0/fifo_rxd_0/U0/inst_fifo_gen/gconvfifo.rf/grf.rf/gntv_or_sync_fifo.gl0.rd/grss.rsts/E[0]                                                                                                                                |                                                                                      |                8 |             28 |
|  clk_generator_0/inst/clk_out1 | pqn_ctrl_0/PQN_KC_0/con_vv_vL_b0_reg[0]_CE_cooolgate_en_sig_23                                                                                                                                                                         |                                                                                      |                8 |             28 |
|  clk_generator_0/inst/clk_out1 | sc_accumulator_PNKC_ctrl_0/KC_I_addra[10]_i_1_n_0                                                                                                                                                                                      |                                                                                      |                7 |             29 |
|  clk_generator_0/inst/clk_out1 | fifo_rxd_ctrl_0/uart_rxd_ctrl_0/index[30]_i_2_n_0                                                                                                                                                                                      | fifo_rxd_ctrl_0/uart_rxd_ctrl_0/index[30]_i_1_n_0                                    |                9 |             31 |
|  clk_generator_0/inst/clk_out1 | fifo_txd_ctrl_0/uart_txd_ctrl_0/counter1_reg[0]                                                                                                                                                                                        | fifo_txd_ctrl_0/counter1[30]_i_1_n_0                                                 |                8 |             31 |
|  clk_generator_0/inst/clk_out1 | fifo_txd_ctrl_0/uart_txd_ctrl_0/counter0_reg[0]_0                                                                                                                                                                                      | fifo_txd_ctrl_0/counter0[30]_i_1_n_0                                                 |                9 |             31 |
|  clk_generator_0/inst/clk_out1 | fifo_txd_ctrl_0/uart_txd_ctrl_0/index[30]_i_2__0_n_0                                                                                                                                                                                   | fifo_txd_ctrl_0/uart_txd_ctrl_0/index[30]_i_1__0_n_0                                 |                8 |             31 |
|  clk_generator_0/inst/clk_out1 | pqn_ctrl_0/PN_u_sum                                                                                                                                                                                                                    | pqn_ctrl_0/PN_u_sum[15]_i_1_n_0                                                      |                8 |             32 |
|  clk_generator_0/inst/clk_out1 | pqn_ctrl_0/PQN_APL_0/PORT_sout_reg[0]_CE_cooolgate_en_sig_22                                                                                                                                                                           |                                                                                      |               10 |             36 |
|  clk_generator_0/inst/clk_out1 | sc_accumulator_glomeruli_ctrl_0/LNPN_I_exci_addra[8]_i_1_n_0                                                                                                                                                                           |                                                                                      |               17 |             45 |
|  clk_generator_0/inst/clk_out1 | pqn_ctrl_0/mem_q_dina                                                                                                                                                                                                                  |                                                                                      |               20 |             54 |
|  clk_generator_0/inst/clk_out1 | pqn_ctrl_0/PQN_KC_0/PORT_nout_reg[0]_CE_cooolgate_en_sig_21                                                                                                                                                                            |                                                                                      |               14 |             54 |
|  clk_generator_0/inst/clk_out1 | pqn_ctrl_0/PQN_NP1227_class1_0/con_vv_vL_b0_reg[0]_CE_cooolgate_en_sig_20                                                                                                                                                              |                                                                                      |               19 |             60 |
|  clk_generator_0/inst/clk_out1 | pqn_ctrl_0/PQN_NP1227_class1_0/PQN_NP1227_class1_sin                                                                                                                                                                                   |                                                                                      |               41 |             72 |
|  clk_generator_0/inst/clk_out1 | pqn_ctrl_0/PQN_ON_0/E[0]                                                                                                                                                                                                               |                                                                                      |               22 |             72 |
|  clk_generator_0/inst/clk_out1 | pqn_ctrl_0/PQN_Krasavietz_class1_0/PQN_Krasavietz_class1_sin                                                                                                                                                                           |                                                                                      |               39 |             72 |
|  clk_generator_0/inst/clk_out1 | pqn_ctrl_0/PQN_Krasavietz_class2_0/PQN_Krasavietz_class2_sin                                                                                                                                                                           |                                                                                      |               39 |             72 |
|  clk_generator_0/inst/clk_out1 | pqn_ctrl_0/PQN_NP2426_class1_0/PQN_NP2426_class1_sin                                                                                                                                                                                   |                                                                                      |               31 |             72 |
|  clk_generator_0/inst/clk_out1 | pqn_ctrl_0/PQN_APL_0/E[0]                                                                                                                                                                                                              |                                                                                      |               22 |             72 |
|  clk_generator_0/inst/clk_out1 | pqn_ctrl_0/PQN_MBON_0/E[0]                                                                                                                                                                                                             |                                                                                      |               28 |             90 |
|  clk_generator_0/inst/clk_out1 | pqn_ctrl_0/PQN_KC_0/E[0]                                                                                                                                                                                                               |                                                                                      |               23 |             90 |
|  clk_generator_0/inst/clk_out1 | pqn_ctrl_0/PQN_PN_0/PORT_nout_reg[0]_CE_cooolgate_en_sig_19                                                                                                                                                                            |                                                                                      |               38 |             91 |
|  clk_generator_0/inst/clk_out1 | pqn_ctrl_0/PQN_PN_0/PQN_PN_sin                                                                                                                                                                                                         |                                                                                      |               28 |            100 |
|  clk_generator_0/inst/clk_out1 | pqn_ctrl_0/PQN_Krasavietz_class2_0/coq_vv_vL_b0_reg[0]_CE_cooolgate_en_sig_18                                                                                                                                                          |                                                                                      |               38 |            117 |
|  clk_generator_0/inst/clk_out1 | fifo_txd_ctrl_0/txd_data0_buff                                                                                                                                                                                                         |                                                                                      |               45 |            168 |
|  clk_generator_0/inst/clk_out1 | pqn_ctrl_0/PQN_Krasavietz_class1_0/PORT_nout_reg[0]_CE_cooolgate_en_sig_17                                                                                                                                                             |                                                                                      |               85 |            254 |
|  clk_generator_0/inst/clk_out1 |                                                                                                                                                                                                                                        |                                                                                      |             1029 |           4124 |
+--------------------------------+----------------------------------------------------------------------------------------------------------------------------------------------------------------------------------------------------------------------------------------+--------------------------------------------------------------------------------------+------------------+----------------+


+--------+-----------------------+
| Fanout | Number of ControlSets |
+--------+-----------------------+
| 1      |                     2 |
| 2      |                     1 |
| 3      |                     1 |
| 4      |                     3 |
| 5      |                     2 |
| 6      |                     4 |
| 7      |                     5 |
| 8      |                     6 |
| 9      |                     5 |
| 10     |                     4 |
| 11     |                     6 |
| 12     |                     8 |
| 14     |                    12 |
| 15     |                     3 |
| 16+    |                    86 |
+--------+-----------------------+


