#-----------------------------------------------------------
# Vivado v2016.4 (64-bit)
# SW Build 1756540 on Mon Jan 23 19:11:23 MST 2017
# IP Build 1755317 on Mon Jan 23 20:30:07 MST 2017
# Start of session at: Fri Mar 24 15:12:53 2023
# Process ID: 3796
# Current directory: D:/research/Xilinx/DrosophilaOlfactorySystem/release/DrosophilaOlfactorySystem20230324/DrosophilaOlfactorySystem20230324.runs/clk_generator_synth_1
# Command line: vivado.exe -log clk_generator.vds -product Vivado -mode batch -messageDb vivado.pb -notrace -source clk_generator.tcl
# Log file: D:/research/Xilinx/DrosophilaOlfactorySystem/release/DrosophilaOlfactorySystem20230324/DrosophilaOlfactorySystem20230324.runs/clk_generator_synth_1/clk_generator.vds
# Journal file: D:/research/Xilinx/DrosophilaOlfactorySystem/release/DrosophilaOlfactorySystem20230324/DrosophilaOlfactorySystem20230324.runs/clk_generator_synth_1\vivado.jou
#-----------------------------------------------------------
source clk_generator.tcl -notrace
